<html>
<body>
<pre>
<h1>µVision Build Log</h1>
<h2>Project:</h2>
S:\coe718\Major\project\Project.uvproj
Project File Date:  11/27/2017

<h2>Output:</h2>
Build target 'Target 1'
linking...
Program Size: Code=13892 RO-data=343880 RW-data=188 ZI-data=1356  
".\Project.axf" - 0 Error(s), 0 Warning(s).
Load "S:\\coe718\\Major\\project\\Project.axf" 
Erase Done.
Programming Done.
Verify OK.
(308): warning:  #177-D: variable "time_length" was declared but never referenced
        int time_length = 0;
Blinky.c(448): warning:  #1-D: last line of file ends without a newline
        }
Blinky.c: 4 warnings, 0 errors
linking...
Program Size: Code=13892 RO-data=343880 RW-data=188 ZI-data=1356  
".\Project.axf" - 0 Error(s), 4 Warning(s).
